
[resource check]
  requested threads: 50
  cpus available: 128 (of 128 total)
  memory available: 693 GB (of 996 GB total)
  OK — within available resources

=== dyn_prep DRY-RUN (20260531_025805) ===
reports-default : /dodo/eh58/bakeoff/reports/archive/default-reports
reports-unified : /dodo/eh58/bakeoff/reports/archive/unified-reports
db-dir          : /home/Users/pacbio_bakeoff/data/ref_db
out             : /home/Users/pacbio_bakeoff/bakeoff/results  -> /home/Users/pacbio_bakeoff/bakeoff/results/metadata/dry-run/dyn-prep
cohorts         : ['illumina', 'pacbio', 'ont_qiagen', 'ont_zymo']
threads         : 50

  [ok]       --reports-default: /dodo/eh58/bakeoff/reports/archive/default-reports
  [ok]       --reports-unified: /dodo/eh58/bakeoff/reports/archive/unified-reports

[plan] 96 jobs (4 cohorts × 2 dbs × 6 tools × 2 ranks)

[illumina]
  [  1/ 96] default Kraken2     species [ok   9f]   -> illumina_Kraken2_default_species.tsv
  [  2/ 96] default Kraken2     genus   [ok   9f]   -> illumina_Kraken2_default_genus.tsv
  [  3/ 96] default Centrifuge  species [ok   9f]   -> illumina_Centrifuge_default_species.tsv
  [  4/ 96] default Centrifuge  genus   [ok   9f]   -> illumina_Centrifuge_default_genus.tsv
  [  5/ 96] default Centrifuger species [ok   9f]   -> illumina_Centrifuger_default_species.tsv
  [  6/ 96] default Centrifuger genus   [ok   9f]   -> illumina_Centrifuger_default_genus.tsv
  [  7/ 96] default sourmash    species [ok   9f]   -> illumina_sourmash_default_species.tsv
  [  8/ 96] default sourmash    genus   [ok   9f]   -> illumina_sourmash_default_genus.tsv
  [  9/ 96] default sylph       species [ok   9f]   -> illumina_sylph_default_species.tsv
  [ 10/ 96] default sylph       genus   [ok   9f]   -> illumina_sylph_default_genus.tsv
  [ 11/ 96] default ganon2      species [ok   9f]   -> illumina_ganon2_default_species.tsv
  [ 12/ 96] default ganon2      genus   [ok   9f]   -> illumina_ganon2_default_genus.tsv
  [ 13/ 96] unified Kraken2     species [ok   9f]   -> illumina_Kraken2_unified_species.tsv
  [ 14/ 96] unified Kraken2     genus   [ok   9f]   -> illumina_Kraken2_unified_genus.tsv
  [ 15/ 96] unified Centrifuge  species [ok   9f]   -> illumina_Centrifuge_unified_species.tsv
  [ 16/ 96] unified Centrifuge  genus   [ok   9f]   -> illumina_Centrifuge_unified_genus.tsv
  [ 17/ 96] unified Centrifuger species [ok   9f]   -> illumina_Centrifuger_unified_species.tsv
  [ 18/ 96] unified Centrifuger genus   [ok   9f]   -> illumina_Centrifuger_unified_genus.tsv
  [ 19/ 96] unified sourmash    species [ok   9f]   -> illumina_sourmash_unified_species.tsv
  [ 20/ 96] unified sourmash    genus   [ok   9f]   -> illumina_sourmash_unified_genus.tsv
  [ 21/ 96] unified sylph       species [ok   9f]   -> illumina_sylph_unified_species.tsv
  [ 22/ 96] unified sylph       genus   [ok   9f]   -> illumina_sylph_unified_genus.tsv
  [ 23/ 96] unified ganon2      species [ok   9f]   -> illumina_ganon2_unified_species.tsv
  [ 24/ 96] unified ganon2      genus   [ok   9f]   -> illumina_ganon2_unified_genus.tsv

[pacbio]
  [ 25/ 96] default Kraken2     species [ok   7f]   -> pacbio_Kraken2_default_species.tsv
  [ 26/ 96] default Kraken2     genus   [ok   7f]   -> pacbio_Kraken2_default_genus.tsv
  [ 27/ 96] default Centrifuge  species [ok   7f]   -> pacbio_Centrifuge_default_species.tsv
  [ 28/ 96] default Centrifuge  genus   [ok   7f]   -> pacbio_Centrifuge_default_genus.tsv
  [ 29/ 96] default Centrifuger species [ok   7f]   -> pacbio_Centrifuger_default_species.tsv
  [ 30/ 96] default Centrifuger genus   [ok   7f]   -> pacbio_Centrifuger_default_genus.tsv
  [ 31/ 96] default sourmash    species [ok   7f]   -> pacbio_sourmash_default_species.tsv
  [ 32/ 96] default sourmash    genus   [ok   7f]   -> pacbio_sourmash_default_genus.tsv
  [ 33/ 96] default sylph       species [ok   7f]   -> pacbio_sylph_default_species.tsv
  [ 34/ 96] default sylph       genus   [ok   7f]   -> pacbio_sylph_default_genus.tsv
  [ 35/ 96] default ganon2      species [ok   7f]   -> pacbio_ganon2_default_species.tsv
  [ 36/ 96] default ganon2      genus   [ok   7f]   -> pacbio_ganon2_default_genus.tsv
  [ 37/ 96] unified Kraken2     species [ok   7f]   -> pacbio_Kraken2_unified_species.tsv
  [ 38/ 96] unified Kraken2     genus   [ok   7f]   -> pacbio_Kraken2_unified_genus.tsv
  [ 39/ 96] unified Centrifuge  species [ok   7f]   -> pacbio_Centrifuge_unified_species.tsv
  [ 40/ 96] unified Centrifuge  genus   [ok   7f]   -> pacbio_Centrifuge_unified_genus.tsv
  [ 41/ 96] unified Centrifuger species [ok   7f]   -> pacbio_Centrifuger_unified_species.tsv
  [ 42/ 96] unified Centrifuger genus   [ok   7f]   -> pacbio_Centrifuger_unified_genus.tsv
  [ 43/ 96] unified sourmash    species [ok   7f]   -> pacbio_sourmash_unified_species.tsv
  [ 44/ 96] unified sourmash    genus   [ok   7f]   -> pacbio_sourmash_unified_genus.tsv
  [ 45/ 96] unified sylph       species [ok   7f]   -> pacbio_sylph_unified_species.tsv
  [ 46/ 96] unified sylph       genus   [ok   7f]   -> pacbio_sylph_unified_genus.tsv
  [ 47/ 96] unified ganon2      species [ok   7f]   -> pacbio_ganon2_unified_species.tsv
  [ 48/ 96] unified ganon2      genus   [ok   7f]   -> pacbio_ganon2_unified_genus.tsv

[ont_qiagen]
  [ 49/ 96] default Kraken2     species [ok   8f]   -> ont_qiagen_Kraken2_default_species.tsv
  [ 50/ 96] default Kraken2     genus   [ok   8f]   -> ont_qiagen_Kraken2_default_genus.tsv
  [ 51/ 96] default Centrifuge  species [ok   8f]   -> ont_qiagen_Centrifuge_default_species.tsv
  [ 52/ 96] default Centrifuge  genus   [ok   8f]   -> ont_qiagen_Centrifuge_default_genus.tsv
  [ 53/ 96] default Centrifuger species [ok   8f]   -> ont_qiagen_Centrifuger_default_species.tsv
  [ 54/ 96] default Centrifuger genus   [ok   8f]   -> ont_qiagen_Centrifuger_default_genus.tsv
  [ 55/ 96] default sourmash    species [ok   8f]   -> ont_qiagen_sourmash_default_species.tsv
  [ 56/ 96] default sourmash    genus   [ok   8f]   -> ont_qiagen_sourmash_default_genus.tsv
  [ 57/ 96] default sylph       species [ok   8f]   -> ont_qiagen_sylph_default_species.tsv
  [ 58/ 96] default sylph       genus   [ok   8f]   -> ont_qiagen_sylph_default_genus.tsv
  [ 59/ 96] default ganon2      species [ok   8f]   -> ont_qiagen_ganon2_default_species.tsv
  [ 60/ 96] default ganon2      genus   [ok   8f]   -> ont_qiagen_ganon2_default_genus.tsv
  [ 61/ 96] unified Kraken2     species [ok   8f]   -> ont_qiagen_Kraken2_unified_species.tsv
  [ 62/ 96] unified Kraken2     genus   [ok   8f]   -> ont_qiagen_Kraken2_unified_genus.tsv
  [ 63/ 96] unified Centrifuge  species [ok   8f]   -> ont_qiagen_Centrifuge_unified_species.tsv
  [ 64/ 96] unified Centrifuge  genus   [ok   8f]   -> ont_qiagen_Centrifuge_unified_genus.tsv
  [ 65/ 96] unified Centrifuger species [ok   8f]   -> ont_qiagen_Centrifuger_unified_species.tsv
  [ 66/ 96] unified Centrifuger genus   [ok   8f]   -> ont_qiagen_Centrifuger_unified_genus.tsv
  [ 67/ 96] unified sourmash    species [ok   8f]   -> ont_qiagen_sourmash_unified_species.tsv
  [ 68/ 96] unified sourmash    genus   [ok   8f]   -> ont_qiagen_sourmash_unified_genus.tsv
  [ 69/ 96] unified sylph       species [ok   8f]   -> ont_qiagen_sylph_unified_species.tsv
  [ 70/ 96] unified sylph       genus   [ok   8f]   -> ont_qiagen_sylph_unified_genus.tsv
  [ 71/ 96] unified ganon2      species [ok   8f]   -> ont_qiagen_ganon2_unified_species.tsv
  [ 72/ 96] unified ganon2      genus   [ok   8f]   -> ont_qiagen_ganon2_unified_genus.tsv

[ont_zymo]
  [ 73/ 96] default Kraken2     species [ok   9f]   -> ont_zymo_Kraken2_default_species.tsv
  [ 74/ 96] default Kraken2     genus   [ok   9f]   -> ont_zymo_Kraken2_default_genus.tsv
  [ 75/ 96] default Centrifuge  species [ok   9f]   -> ont_zymo_Centrifuge_default_species.tsv
  [ 76/ 96] default Centrifuge  genus   [ok   9f]   -> ont_zymo_Centrifuge_default_genus.tsv
  [ 77/ 96] default Centrifuger species [ok   9f]   -> ont_zymo_Centrifuger_default_species.tsv
  [ 78/ 96] default Centrifuger genus   [ok   9f]   -> ont_zymo_Centrifuger_default_genus.tsv
  [ 79/ 96] default sourmash    species [ok   9f]   -> ont_zymo_sourmash_default_species.tsv
  [ 80/ 96] default sourmash    genus   [ok   9f]   -> ont_zymo_sourmash_default_genus.tsv
  [ 81/ 96] default sylph       species [ok   9f]   -> ont_zymo_sylph_default_species.tsv
  [ 82/ 96] default sylph       genus   [ok   9f]   -> ont_zymo_sylph_default_genus.tsv
  [ 83/ 96] default ganon2      species [ok   9f]   -> ont_zymo_ganon2_default_species.tsv
  [ 84/ 96] default ganon2      genus   [ok   9f]   -> ont_zymo_ganon2_default_genus.tsv
  [ 85/ 96] unified Kraken2     species [ok   9f]   -> ont_zymo_Kraken2_unified_species.tsv
  [ 86/ 96] unified Kraken2     genus   [ok   9f]   -> ont_zymo_Kraken2_unified_genus.tsv
  [ 87/ 96] unified Centrifuge  species [ok   9f]   -> ont_zymo_Centrifuge_unified_species.tsv
  [ 88/ 96] unified Centrifuge  genus   [ok   9f]   -> ont_zymo_Centrifuge_unified_genus.tsv
  [ 89/ 96] unified Centrifuger species [ok   9f]   -> ont_zymo_Centrifuger_unified_species.tsv
  [ 90/ 96] unified Centrifuger genus   [ok   9f]   -> ont_zymo_Centrifuger_unified_genus.tsv
  [ 91/ 96] unified sourmash    species [ok   9f]   -> ont_zymo_sourmash_unified_species.tsv
  [ 92/ 96] unified sourmash    genus   [ok   9f]   -> ont_zymo_sourmash_unified_genus.tsv
  [ 93/ 96] unified sylph       species [ok   9f]   -> ont_zymo_sylph_unified_species.tsv
  [ 94/ 96] unified sylph       genus   [ok   9f]   -> ont_zymo_sylph_unified_genus.tsv
  [ 95/ 96] unified ganon2      species [ok   9f]   -> ont_zymo_ganon2_unified_species.tsv
  [ 96/ 96] unified ganon2      genus   [ok   9f]   -> ont_zymo_ganon2_unified_genus.tsv

manifest written: /home/Users/pacbio_bakeoff/bakeoff/results/metadata/dry-run/dyn-prep/dry-run_manifest.csv (96 rows)
log written:      /home/Users/pacbio_bakeoff/bakeoff/results/metadata/dry-run/dyn-prep/dry-run.log
