=== Config ===
reports-default : /dodo/eh58/bakeoff/reports/archive/default-reports
reports-unified : /dodo/eh58/bakeoff/reports/archive/unified-reports
db-dir          : /home/Users/pacbio_bakeoff/data/ref_db
out             : /home/Users/pacbio_bakeoff/bakeoff/results
run dir         : /home/Users/pacbio_bakeoff/bakeoff/results/metadata/20260531_030023/dyn-prep
cohorts         : ['illumina', 'pacbio', 'ont_qiagen', 'ont_zymo']
threads         : 50
output cache    : /home/Users/pacbio_bakeoff/bakeoff/results/metadata/20260531_030023/dyn-prep/tables/cohorts

=== Illumina correspondence check (cohort=pacbio) ===

[Kraken2]
  cohort default :   7 | illumina default :   9 | missing :   0
  cohort unified :   7 | illumina unified :   9 | missing :   0

[Centrifuge]
  cohort default :   7 | illumina default :   9 | missing :   0
  cohort unified :   7 | illumina unified :   9 | missing :   0

[Centrifuger]
  cohort default :   7 | illumina default :   9 | missing :   0
  cohort unified :   7 | illumina unified :   9 | missing :   0

[sourmash]
  cohort default :   7 | illumina default :   9 | missing :   0
  cohort unified :   7 | illumina unified :   9 | missing :   0

[sylph]
  cohort default :   7 | illumina default :   9 | missing :   0
  cohort unified :   7 | illumina unified :   9 | missing :   0

[ganon2]
  cohort default :   7 | illumina default :   9 | missing :   0
  cohort unified :   7 | illumina unified :   9 | missing :   0

✔ pacbio: every dataset has a matching Illumina dataset.

Dataset counts per tool (pacbio):
  Kraken2     : 7
  Centrifuge  : 7
  Centrifuger : 7
  sourmash    : 7
  sylph       : 7
  ganon2      : 7

✔ pacbio NUM_DATASETS = 7

=== Illumina correspondence check (cohort=ont_qiagen) ===

[Kraken2]
  cohort default :   8 | illumina default :   9 | missing :   0
  cohort unified :   8 | illumina unified :   9 | missing :   0

[Centrifuge]
  cohort default :   8 | illumina default :   9 | missing :   0
  cohort unified :   8 | illumina unified :   9 | missing :   0

[Centrifuger]
  cohort default :   8 | illumina default :   9 | missing :   0
  cohort unified :   8 | illumina unified :   9 | missing :   0

[sourmash]
  cohort default :   8 | illumina default :   9 | missing :   0
  cohort unified :   8 | illumina unified :   9 | missing :   0

[sylph]
  cohort default :   8 | illumina default :   9 | missing :   0
  cohort unified :   8 | illumina unified :   9 | missing :   0

[ganon2]
  cohort default :   8 | illumina default :   9 | missing :   0
  cohort unified :   8 | illumina unified :   9 | missing :   0

✔ ont_qiagen: every dataset has a matching Illumina dataset.

Dataset counts per tool (ont_qiagen):
  Kraken2     : 8
  Centrifuge  : 8
  Centrifuger : 8
  sourmash    : 8
  sylph       : 8
  ganon2      : 8

✔ ont_qiagen NUM_DATASETS = 8

=== Illumina correspondence check (cohort=ont_zymo) ===

[Kraken2]
  cohort default :   9 | illumina default :   9 | missing :   0
  cohort unified :   9 | illumina unified :   9 | missing :   0

[Centrifuge]
  cohort default :   9 | illumina default :   9 | missing :   0
  cohort unified :   9 | illumina unified :   9 | missing :   0

[Centrifuger]
  cohort default :   9 | illumina default :   9 | missing :   0
  cohort unified :   9 | illumina unified :   9 | missing :   0

[sourmash]
  cohort default :   9 | illumina default :   9 | missing :   0
  cohort unified :   9 | illumina unified :   9 | missing :   0

[sylph]
  cohort default :   9 | illumina default :   9 | missing :   0
  cohort unified :   9 | illumina unified :   9 | missing :   0

[ganon2]
  cohort default :   9 | illumina default :   9 | missing :   0
  cohort unified :   9 | illumina unified :   9 | missing :   0

✔ ont_zymo: every dataset has a matching Illumina dataset.

Dataset counts per tool (ont_zymo):
  Kraken2     : 9
  Centrifuge  : 9
  Centrifuger : 9
  sourmash    : 9
  sylph       : 9
  ganon2      : 9

✔ ont_zymo NUM_DATASETS = 9

=== Building cohort cache ===
submitting 96 jobs with max_workers=50

✔ wrote 96 tables into /home/Users/pacbio_bakeoff/bakeoff/results/metadata/20260531_030023/dyn-prep/tables/cohorts

=== Post-build verification (/home/Users/pacbio_bakeoff/bakeoff/results/metadata/20260531_030023/dyn-prep/tables/cohorts) ===
  files written: 96
  files-per-cohort (non-empty):
    illumina    : 24
    pacbio      : 24
    ont_qiagen  : 24
    ont_zymo    : 24

=== Done ===
log : /home/Users/pacbio_bakeoff/bakeoff/results/metadata/20260531_030023/dyn-prep/dyn_prep.log
err : /home/Users/pacbio_bakeoff/bakeoff/results/metadata/20260531_030023/dyn-prep/dyn_prep.err
