=== analysis_prep ===
unified-reports : /dodo/eh58/bakeoff/reports/unified-reports
default-reports : /dodo/eh58/bakeoff/reports/default-reports
data-root       : data
db-dir          : /dodo/eh58/bakeoff/data/ref_db
out             : results  -> results/prepared/20260713_014947/analysis-prep
mode            : both
data-groups     : ['ZymoMockD6331', 'simulated']
techs           : ['pacbio', 'ont']
jobs            : 8

[truth] zymoD6331  ←  data/ZymoMockD6331/zymoD6331_gt.csv

=== Building unified ground truth for: data/ZymoMockD6331/zymoD6331_gt.csv ===
Loaded 17 rows from data/ZymoMockD6331/zymoD6331_gt.csv
Columns found: ['name', 'Genomic_DNA']
Using 'name' as taxon name column → standardized to 'name'
Found 17 unique names to resolve
Using 'Genomic_DNA' as abundance column.
Unified ground truth written to: results/prepared/20260713_014947/analysis-prep/truth/zymoD6331_gt.csv
Unresolved names written to: results/prepared/20260713_014947/analysis-prep/truth/zymoD6331_gt_unresolved_names.txt
Summary: resolved species=17, resolved genera=17, failed names=0
[truth] simulated_pacbio  ←  data/simulated/pacbio/sim_pacbio_gt.tsv

=== Building unified ground truth for: data/simulated/pacbio/sim_pacbio_gt.tsv ===
Loaded 233 rows from data/simulated/pacbio/sim_pacbio_gt.tsv
Columns found: ['name']
Using 'name' as taxon name column → standardized to 'name'
Found 233 unique names to resolve
No abundance column provided (abund_col=None) → leaving abundances empty.
Unified ground truth written to: results/prepared/20260713_014947/analysis-prep/truth/simulated_pacbio_gt.csv
Unresolved names written to: results/prepared/20260713_014947/analysis-prep/truth/simulated_pacbio_gt_unresolved_names.txt
Summary: resolved species=127, resolved genera=65, failed names=0
[truth] simulated_ont  ←  data/simulated/ont/sim_ont_gt.tsv

=== Building unified ground truth for: data/simulated/ont/sim_ont_gt.tsv ===
Loaded 233 rows from data/simulated/ont/sim_ont_gt.tsv
Columns found: ['name']
Using 'name' as taxon name column → standardized to 'name'
Found 233 unique names to resolve
No abundance column provided (abund_col=None) → leaving abundances empty.
Unified ground truth written to: results/prepared/20260713_014947/analysis-prep/truth/simulated_ont_gt.csv
Unresolved names written to: results/prepared/20260713_014947/analysis-prep/truth/simulated_ont_gt_unresolved_names.txt
Summary: resolved species=127, resolved genera=65, failed names=0
[detection] manifest: 72 files -> results/prepared/20260713_014947/analysis-prep/tables/detection/manifest.csv
[detection] [1/72] OK   Kraken2/unified ZymoMockD6331/ont/D6331_Qiagen (643 rows)
[detection] [2/72] OK   Ganon2/unified ZymoMockD6331/ont/D6331_Zymo (345 rows)
[detection] [3/72] OK   Ganon2/unified ZymoMockD6331/ont/D6331_Qiagen (179 rows)
[detection] [4/72] OK   Centrifuger/unified ZymoMockD6331/ont/D6331_Zymo (1377 rows)
[detection] [5/72] OK   Kraken2/unified ZymoMockD6331/ont/D6331_Zymo (1532 rows)
[detection] [6/72] OK   Centrifuger/unified ZymoMockD6331/ont/D6331_Qiagen (463 rows)
[detection] [7/72] OK   Kraken2/unified ZymoMockD6331/pacbio/SRR13128013 (389 rows)
[detection] [8/72] OK   Kraken2/unified ZymoMockD6331/pacbio/SRR13128014 (353 rows)
[detection] [9/72] OK   Centrifuge/unified ZymoMockD6331/ont/D6331_Qiagen (1905 rows)
[detection] [10/72] OK   Centrifuge/unified ZymoMockD6331/pacbio/SRR13128013 (1827 rows)
[detection] [11/72] OK   Centrifuge/unified ZymoMockD6331/ont/D6331_Zymo (4487 rows)
[detection] [12/72] OK   Centrifuge/unified ZymoMockD6331/pacbio/SRR13128014 (1613 rows)
[detection] [13/72] OK   Centrifuger/unified ZymoMockD6331/pacbio/SRR13128013 (151 rows)
[detection] [14/72] OK   Centrifuger/unified ZymoMockD6331/pacbio/SRR13128014 (137 rows)
[detection] [15/72] OK   Ganon2/unified ZymoMockD6331/pacbio/SRR13128013 (56 rows)
[detection] [16/72] OK   Ganon2/unified ZymoMockD6331/pacbio/SRR13128014 (53 rows)
[detection] [17/72] OK   Sylph/unified ZymoMockD6331/ont/D6331_Zymo (55 rows)
[detection] [18/72] OK   Sourmash/unified ZymoMockD6331/pacbio/SRR13128013 (33 rows)
[detection] [19/72] OK   Sourmash/unified ZymoMockD6331/pacbio/SRR13128014 (32 rows)
[detection] [20/72] OK   Sylph/unified ZymoMockD6331/pacbio/SRR13128014 (32 rows)
[detection] [21/72] OK   Sylph/unified ZymoMockD6331/pacbio/SRR13128013 (34 rows)
[detection] [22/72] OK   Sylph/unified ZymoMockD6331/ont/D6331_Qiagen (59 rows)
[detection] [23/72] OK   Sourmash/unified ZymoMockD6331/ont/D6331_Qiagen (65 rows)
[detection] [24/72] OK   Sourmash/unified ZymoMockD6331/ont/D6331_Zymo (69 rows)
[detection] [25/72] OK   Kraken2/unified simulated/ont/sim_ont (1298 rows)
[detection] [26/72] OK   Ganon2/unified simulated/ont/sim_ont (240 rows)
[detection] [27/72] OK   Kraken2/unified simulated/pacbio/sim_pacbio (645 rows)
[detection] [28/72] OK   Centrifuger/unified simulated/ont/sim_ont (2055 rows)
[detection] [29/72] OK   Centrifuge/unified simulated/pacbio/sim_pacbio (1102 rows)
[detection] [30/72] OK   Centrifuge/unified simulated/ont/sim_ont (2015 rows)
[detection] [31/72] OK   Centrifuger/unified simulated/pacbio/sim_pacbio (828 rows)
[detection] [32/72] OK   Ganon2/unified simulated/pacbio/sim_pacbio (216 rows)
[detection] [33/72] OK   Kraken2/default ZymoMockD6331/ont/D6331_Qiagen (982 rows)
[detection] [34/72] OK   Centrifuger/default ZymoMockD6331/ont/D6331_Qiagen (1307 rows)
[detection] [35/72] OK   Centrifuge/default ZymoMockD6331/ont/D6331_Qiagen (3089 rows)
[detection] [36/72] OK   Kraken2/default ZymoMockD6331/ont/D6331_Zymo (4721 rows)
[detection] [37/72] OK   Ganon2/default ZymoMockD6331/ont/D6331_Qiagen (168 rows)
[detection] [38/72] OK   Ganon2/default ZymoMockD6331/ont/D6331_Zymo (354 rows)
[detection] [39/72] OK   Centrifuge/default ZymoMockD6331/ont/D6331_Zymo (6489 rows)
[detection] [40/72] OK   Centrifuger/default ZymoMockD6331/ont/D6331_Zymo (6565 rows)
[detection] [41/72] OK   Sylph/unified simulated/ont/sim_ont (193 rows)
[detection] [42/72] OK   Sourmash/unified simulated/ont/sim_ont (195 rows)
[detection] [43/72] OK   Sourmash/unified simulated/pacbio/sim_pacbio (195 rows)
[detection] [44/72] OK   Sylph/unified simulated/pacbio/sim_pacbio (193 rows)
[detection] [45/72] OK   Kraken2/default ZymoMockD6331/pacbio/SRR13128014 (1199 rows)
[detection] [46/72] OK   Kraken2/default ZymoMockD6331/pacbio/SRR13128013 (1434 rows)
[detection] [47/72] OK   Centrifuge/default ZymoMockD6331/pacbio/SRR13128013 (2981 rows)
[detection] [48/72] OK   Centrifuge/default ZymoMockD6331/pacbio/SRR13128014 (2709 rows)
[detection] [49/72] OK   Ganon2/default ZymoMockD6331/pacbio/SRR13128013 (54 rows)
[detection] [50/72] OK   Centrifuger/default ZymoMockD6331/pacbio/SRR13128014 (2478 rows)
[detection] [51/72] OK   Ganon2/default ZymoMockD6331/pacbio/SRR13128014 (49 rows)
[detection] [52/72] OK   Centrifuger/default ZymoMockD6331/pacbio/SRR13128013 (3034 rows)
[detection] [53/72] OK   Sylph/default ZymoMockD6331/pacbio/SRR13128014 (30 rows)
[detection] [54/72] OK   Sylph/default ZymoMockD6331/pacbio/SRR13128013 (30 rows)
[detection] [55/72] OK   Sylph/default ZymoMockD6331/ont/D6331_Zymo (47 rows)
[detection] [56/72] OK   Kraken2/default simulated/ont/sim_ont (1259 rows)
[detection] [57/72] OK   Ganon2/default simulated/ont/sim_ont (269 rows)
[detection] [58/72] OK   Sourmash/default ZymoMockD6331/pacbio/SRR13128014 (40 rows)
[detection] [59/72] OK   Sourmash/default ZymoMockD6331/pacbio/SRR13128013 (42 rows)
[detection] [60/72] OK   Sylph/default ZymoMockD6331/ont/D6331_Qiagen (55 rows)
[detection] [61/72] OK   Kraken2/default simulated/pacbio/sim_pacbio (636 rows)
[detection] [62/72] OK   Centrifuge/default simulated/ont/sim_ont (6638 rows)
[detection] [63/72] OK   Centrifuger/default simulated/ont/sim_ont (8468 rows)
[detection] [64/72] OK   Ganon2/default simulated/pacbio/sim_pacbio (224 rows)
[detection] [65/72] OK   Sourmash/default ZymoMockD6331/ont/D6331_Qiagen (73 rows)
[detection] [66/72] OK   Centrifuge/default simulated/pacbio/sim_pacbio (5716 rows)
[detection] [67/72] OK   Centrifuger/default simulated/pacbio/sim_pacbio (5075 rows)
[detection] [68/72] OK   Sourmash/default ZymoMockD6331/ont/D6331_Zymo (77 rows)
[detection] [69/72] OK   Sylph/default simulated/pacbio/sim_pacbio (181 rows)
[detection] [70/72] OK   Sylph/default simulated/ont/sim_ont (181 rows)
[detection] [71/72] OK   Sourmash/default simulated/pacbio/sim_pacbio (212 rows)
[detection] [72/72] OK   Sourmash/default simulated/ont/sim_ont (211 rows)
[detection] totals  -> results/prepared/20260713_014947/analysis-prep/tables/detection/totals.csv (48 rows)
[detection] summary -> results/prepared/20260713_014947/analysis-prep/tables/detection/summary.csv
[detection] done: 72 ok, 0 fail
[abundance] manifest: 72 files -> results/prepared/20260713_014947/analysis-prep/tables/abundance/manifest.csv
[abundance] [1/72] OK   Ganon2/unified ZymoMockD6331/ont/D6331_Qiagen (179 rows)
[abundance] [2/72] OK   Kraken2/unified ZymoMockD6331/ont/D6331_Qiagen (643 rows)
[abundance] [3/72] OK   Ganon2/unified ZymoMockD6331/ont/D6331_Zymo (345 rows)
[abundance] [4/72] OK   Kraken2/unified ZymoMockD6331/ont/D6331_Zymo (1532 rows)
[abundance] [5/72] OK   Sylph/unified ZymoMockD6331/ont/D6331_Zymo (55 rows)
[abundance] [6/72] OK   Sylph/unified ZymoMockD6331/ont/D6331_Qiagen (59 rows)
[abundance] [7/72] OK   Sourmash/unified ZymoMockD6331/ont/D6331_Qiagen (65 rows)
[abundance] [8/72] OK   Sourmash/unified ZymoMockD6331/ont/D6331_Zymo (69 rows)
[abundance] [9/72] OK   Kraken2/unified ZymoMockD6331/pacbio/SRR13128013 (389 rows)
[abundance] [10/72] OK   Kraken2/unified ZymoMockD6331/pacbio/SRR13128014 (353 rows)
[abundance] [11/72] OK   Centrifuger/unified ZymoMockD6331/pacbio/SRR13128014 (133 rows)
[abundance] [12/72] OK   Centrifuger/unified ZymoMockD6331/pacbio/SRR13128013 (145 rows)
[abundance] [13/72] OK   Ganon2/unified ZymoMockD6331/pacbio/SRR13128013 (56 rows)
[abundance] [14/72] OK   Ganon2/unified ZymoMockD6331/pacbio/SRR13128014 (53 rows)
[abundance] [15/72] OK   Sourmash/unified ZymoMockD6331/pacbio/SRR13128013 (33 rows)
[abundance] [16/72] OK   Sourmash/unified ZymoMockD6331/pacbio/SRR13128014 (32 rows)
[abundance] [17/72] OK   Sylph/unified ZymoMockD6331/pacbio/SRR13128014 (32 rows)
[abundance] [18/72] OK   Sylph/unified ZymoMockD6331/pacbio/SRR13128013 (34 rows)
[abundance] [19/72] OK   Kraken2/unified simulated/ont/sim_ont (1298 rows)
[abundance] [20/72] OK   Centrifuger/unified ZymoMockD6331/ont/D6331_Qiagen (451 rows)
[abundance] [21/72] OK   Ganon2/unified simulated/ont/sim_ont (240 rows)
[abundance] [22/72] OK   Sourmash/unified simulated/ont/sim_ont (195 rows)
[abundance] [23/72] OK   Centrifuger/unified ZymoMockD6331/ont/D6331_Zymo (1349 rows)
[abundance] [24/72] OK   Sylph/unified simulated/ont/sim_ont (193 rows)
[abundance] [25/72] OK   Kraken2/unified simulated/pacbio/sim_pacbio (645 rows)
[abundance] [26/72] OK   Centrifuger/unified simulated/pacbio/sim_pacbio (816 rows)
[abundance] [27/72] OK   Ganon2/unified simulated/pacbio/sim_pacbio (216 rows)
[abundance] [28/72] OK   Centrifuger/unified simulated/ont/sim_ont (2025 rows)
[abundance] [29/72] OK   Sylph/unified simulated/pacbio/sim_pacbio (193 rows)
[abundance] [30/72] OK   Sourmash/unified simulated/pacbio/sim_pacbio (195 rows)
[abundance] [31/72] OK   Kraken2/default ZymoMockD6331/ont/D6331_Qiagen (982 rows)
[abundance] [32/72] OK   Kraken2/default ZymoMockD6331/ont/D6331_Zymo (4721 rows)
[abundance] [33/72] OK   Centrifuge/unified simulated/pacbio/sim_pacbio (1680 rows)
[abundance] [34/72] OK   Centrifuger/default ZymoMockD6331/ont/D6331_Qiagen (1281 rows)
[abundance] [35/72] OK   Centrifuger/default ZymoMockD6331/ont/D6331_Zymo (6461 rows)
[abundance] [36/72] OK   Ganon2/default ZymoMockD6331/ont/D6331_Qiagen (168 rows)
[abundance] [37/72] OK   Ganon2/default ZymoMockD6331/ont/D6331_Zymo (354 rows)
[abundance] [38/72] OK   Sourmash/default ZymoMockD6331/ont/D6331_Qiagen (73 rows)
[abundance] [39/72] OK   Sourmash/default ZymoMockD6331/ont/D6331_Zymo (77 rows)
[abundance] [40/72] OK   Sylph/default ZymoMockD6331/ont/D6331_Qiagen (55 rows)
[abundance] [41/72] OK   Sylph/default ZymoMockD6331/ont/D6331_Zymo (47 rows)
[abundance] [42/72] OK   Kraken2/default ZymoMockD6331/pacbio/SRR13128013 (1434 rows)
[abundance] [43/72] OK   Kraken2/default ZymoMockD6331/pacbio/SRR13128014 (1199 rows)
[abundance] [44/72] OK   Centrifuge/unified ZymoMockD6331/pacbio/SRR13128014 (2313 rows)
[abundance] [45/72] OK   Centrifuge/unified ZymoMockD6331/pacbio/SRR13128013 (2528 rows)
[abundance] [46/72] OK   Centrifuger/default ZymoMockD6331/pacbio/SRR13128013 (2972 rows)
[abundance] [47/72] OK   Centrifuger/default ZymoMockD6331/pacbio/SRR13128014 (2427 rows)
[abundance] [48/72] OK   Ganon2/default ZymoMockD6331/pacbio/SRR13128013 (54 rows)
[abundance] [49/72] OK   Ganon2/default ZymoMockD6331/pacbio/SRR13128014 (49 rows)
[abundance] [50/72] OK   Sourmash/default ZymoMockD6331/pacbio/SRR13128013 (42 rows)
[abundance] [51/72] OK   Sourmash/default ZymoMockD6331/pacbio/SRR13128014 (40 rows)
[abundance] [52/72] OK   Sylph/default ZymoMockD6331/pacbio/SRR13128013 (30 rows)
[abundance] [53/72] OK   Sylph/default ZymoMockD6331/pacbio/SRR13128014 (30 rows)
[abundance] [54/72] OK   Kraken2/default simulated/ont/sim_ont (1259 rows)
[abundance] [55/72] OK   Centrifuge/unified ZymoMockD6331/ont/D6331_Qiagen (2936 rows)
[abundance] [56/72] OK   Centrifuger/default simulated/ont/sim_ont (8391 rows)
[abundance] [57/72] OK   Ganon2/default simulated/ont/sim_ont (269 rows)
[abundance] [58/72] OK   Sourmash/default simulated/ont/sim_ont (211 rows)
[abundance] [59/72] OK   Centrifuge/unified simulated/ont/sim_ont (3266 rows)
[abundance] [60/72] OK   Sylph/default simulated/ont/sim_ont (181 rows)
[abundance] [61/72] OK   Kraken2/default simulated/pacbio/sim_pacbio (636 rows)
[abundance] [62/72] OK   Centrifuger/default simulated/pacbio/sim_pacbio (5024 rows)
[abundance] [63/72] OK   Ganon2/default simulated/pacbio/sim_pacbio (224 rows)
[abundance] [64/72] OK   Sourmash/default simulated/pacbio/sim_pacbio (212 rows)
[abundance] [65/72] OK   Sylph/default simulated/pacbio/sim_pacbio (181 rows)
[abundance] [66/72] OK   Centrifuge/default ZymoMockD6331/ont/D6331_Qiagen (3301 rows)
[abundance] [67/72] OK   Centrifuge/unified ZymoMockD6331/ont/D6331_Zymo (6147 rows)
[abundance] [68/72] OK   Centrifuge/default ZymoMockD6331/pacbio/SRR13128014 (3126 rows)
[abundance] [69/72] OK   Centrifuge/default ZymoMockD6331/pacbio/SRR13128013 (3443 rows)
[abundance] [70/72] OK   Centrifuge/default ZymoMockD6331/ont/D6331_Zymo (5595 rows)
[abundance] [71/72] OK   Centrifuge/default simulated/pacbio/sim_pacbio (5155 rows)
[abundance] [72/72] OK   Centrifuge/default simulated/ont/sim_ont (5612 rows)
[abundance] totals  -> results/prepared/20260713_014947/analysis-prep/tables/abundance/totals.csv (12 rows)
[abundance] summary -> results/prepared/20260713_014947/analysis-prep/tables/abundance/summary.csv
[abundance] done: 72 ok, 0 fail
